  姝ｅ湪纭畾瑕佽繕鍘熺殑椤圭洰鈥?
D:\Noah\鏂囨。\Coding\2. 寮€婧愮殑椤圭洰\Caelum\Caelum.csproj : warning NU1701: Package 'PdfiumViewer 2.13.0' was restored using '.NETFramework,Version=v4.6.1, .NETFramework,Version=v4.6.2, .NETFramework,Version=v4.7, .NETFramework,Version=v4.7.1, .NETFramework,Version=v4.7.2, .NETFramework,Version=v4.8, .NETFramework,Version=v4.8.1' instead of the project target framework 'net8.0-windows7.0'. This package may not be fully compatible with your project.
  鎵€鏈夐」鐩潎鏄渶鏂扮殑锛屾棤娉曡繕鍘熴€?
D:\Noah\鏂囨。\Coding\2. 寮€婧愮殑椤圭洰\Caelum\Caelum.csproj : warning NU1701: Package 'PdfiumViewer 2.13.0' was restored using '.NETFramework,Version=v4.6.1, .NETFramework,Version=v4.6.2, .NETFramework,Version=v4.7, .NETFramework,Version=v4.7.1, .NETFramework,Version=v4.7.2, .NETFramework,Version=v4.8, .NETFramework,Version=v4.8.1' instead of the project target framework 'net8.0-windows7.0'. This package may not be fully compatible with your project.
D:\Noah\鏂囨。\Coding\2. 寮€婧愮殑椤圭洰\Caelum\Caelum_h0h2w3ku_wpftmp.csproj : warning NU1701: Package 'PdfiumViewer 2.13.0' was restored using '.NETFramework,Version=v4.6.1, .NETFramework,Version=v4.6.2, .NETFramework,Version=v4.7, .NETFramework,Version=v4.7.1, .NETFramework,Version=v4.7.2, .NETFramework,Version=v4.8, .NETFramework,Version=v4.8.1' instead of the project target framework 'net8.0-windows7.0'. This package may not be fully compatible with your project.
D:\Noah\鏂囨。\Coding\2. 寮€婧愮殑椤圭洰\Caelum\Pages\EditorPage.xaml.cs(395,76): error CS0117: 鈥淓ditorPage.ToolType鈥濇湭鍖呭惈鈥淭extHighlight鈥濈殑瀹氫箟 [D:\Noah\鏂囨。\Coding\2. 寮€婧愮殑椤圭洰\Caelum\Caelum_h0h2w3ku_wpftmp.csproj]
D:\Noah\鏂囨。\Coding\2. 寮€婧愮殑椤圭洰\Caelum\Pages\EditorPage.xaml.cs(413,123): error CS0117: 鈥淓ditorPage.ToolType鈥濇湭鍖呭惈鈥淭extHighlight鈥濈殑瀹氫箟 [D:\Noah\鏂囨。\Coding\2. 寮€婧愮殑椤圭洰\Caelum\Caelum_h0h2w3ku_wpftmp.csproj]
D:\Noah\鏂囨。\Coding\2. 寮€婧愮殑椤圭洰\Caelum\Pages\EditorPage.xaml.cs(481,42): error CS0117: 鈥淓ditorPage.ToolType鈥濇湭鍖呭惈鈥淭extHighlight鈥濈殑瀹氫箟 [D:\Noah\鏂囨。\Coding\2. 寮€婧愮殑椤圭洰\Caelum\Caelum_h0h2w3ku_wpftmp.csproj]
D:\Noah\鏂囨。\Coding\2. 寮€婧愮殑椤圭洰\Caelum\Pages\EditorPage.xaml.cs(483,79): error CS0103: 褰撳墠涓婁笅鏂囦腑涓嶅瓨鍦ㄥ悕绉扳€渟tart鈥?[D:\Noah\鏂囨。\Coding\2. 寮€婧愮殑椤圭洰\Caelum\Caelum_h0h2w3ku_wpftmp.csproj]
D:\Noah\鏂囨。\Coding\2. 寮€婧愮殑椤圭洰\Caelum\Pages\EditorPage.xaml.cs(483,86): error CS0103: 褰撳墠涓婁笅鏂囦腑涓嶅瓨鍦ㄥ悕绉扳€渆nd鈥?[D:\Noah\鏂囨。\Coding\2. 寮€婧愮殑椤圭洰\Caelum\Caelum_h0h2w3ku_wpftmp.csproj]
D:\Noah\鏂囨。\Coding\2. 寮€婧愮殑椤圭洰\Caelum\Pages\EditorPage.xaml.cs(2255,107): error CS0117: 鈥淓ditorPage.ToolType鈥濇湭鍖呭惈鈥淭extHighlight鈥濈殑瀹氫箟 [D:\Noah\鏂囨。\Coding\2. 寮€婧愮殑椤圭洰\Caelum\Caelum_h0h2w3ku_wpftmp.csproj]
D:\Noah\鏂囨。\Coding\2. 寮€婧愮殑椤圭洰\Caelum\Pages\EditorPage.xaml(155,94): error CS1061: 鈥淓ditorPage鈥濇湭鍖呭惈鈥淭extHighlightToolButton_Click鈥濈殑瀹氫箟锛屽苟涓旀壘涓嶅埌鍙帴鍙楃涓€涓€淓ditorPage鈥濈被鍨嬪弬鏁扮殑鍙闂墿灞曟柟娉曗€淭extHighlightToolButton_Click鈥?鏄惁缂哄皯 using 鎸囦护鎴栫▼搴忛泦寮曠敤?) [D:\Noah\鏂囨。\Coding\2. 寮€婧愮殑椤圭洰\Caelum\Caelum_h0h2w3ku_wpftmp.csproj]
D:\Noah\鏂囨。\Coding\2. 寮€婧愮殑椤圭洰\Caelum\Pages\EditorPage.xaml.cs(54,24): warning CS0169: 浠庝笉浣跨敤瀛楁鈥淓ditorPage._scaleUpButton鈥?[D:\Noah\鏂囨。\Coding\2. 寮€婧愮殑椤圭洰\Caelum\Caelum_h0h2w3ku_wpftmp.csproj]
D:\Noah\鏂囨。\Coding\2. 寮€婧愮殑椤圭洰\Caelum\Pages\EditorPage.xaml.cs(55,24): warning CS0169: 浠庝笉浣跨敤瀛楁鈥淓ditorPage._scaleDownButton鈥?[D:\Noah\鏂囨。\Coding\2. 寮€婧愮殑椤圭洰\Caelum\Caelum_h0h2w3ku_wpftmp.csproj]
CSC : warning WFAC010: 浠?D:\Noah\鏂囨。\Coding\2. 寮€婧愮殑椤圭洰\Caelum\app.manifest 涓垹闄ら珮 DPI 璁剧疆锛屽苟閫氳繃 Application.SetHighDpiMode API 鎴栤€淎pplicationHighDpiMode鈥濋」鐩睘鎬ц繘琛岄厤缃?[D:\Noah\鏂囨。\Coding\2. 寮€婧愮殑椤圭洰\Caelum\Caelum_h0h2w3ku_wpftmp.csproj]

鐢熸垚澶辫触銆?

D:\Noah\鏂囨。\Coding\2. 寮€婧愮殑椤圭洰\Caelum\Caelum.csproj : warning NU1701: Package 'PdfiumViewer 2.13.0' was restored using '.NETFramework,Version=v4.6.1, .NETFramework,Version=v4.6.2, .NETFramework,Version=v4.7, .NETFramework,Version=v4.7.1, .NETFramework,Version=v4.7.2, .NETFramework,Version=v4.8, .NETFramework,Version=v4.8.1' instead of the project target framework 'net8.0-windows7.0'. This package may not be fully compatible with your project.
D:\Noah\鏂囨。\Coding\2. 寮€婧愮殑椤圭洰\Caelum\Caelum.csproj : warning NU1701: Package 'PdfiumViewer 2.13.0' was restored using '.NETFramework,Version=v4.6.1, .NETFramework,Version=v4.6.2, .NETFramework,Version=v4.7, .NETFramework,Version=v4.7.1, .NETFramework,Version=v4.7.2, .NETFramework,Version=v4.8, .NETFramework,Version=v4.8.1' instead of the project target framework 'net8.0-windows7.0'. This package may not be fully compatible with your project.
D:\Noah\鏂囨。\Coding\2. 寮€婧愮殑椤圭洰\Caelum\Caelum_h0h2w3ku_wpftmp.csproj : warning NU1701: Package 'PdfiumViewer 2.13.0' was restored using '.NETFramework,Version=v4.6.1, .NETFramework,Version=v4.6.2, .NETFramework,Version=v4.7, .NETFramework,Version=v4.7.1, .NETFramework,Version=v4.7.2, .NETFramework,Version=v4.8, .NETFramework,Version=v4.8.1' instead of the project target framework 'net8.0-windows7.0'. This package may not be fully compatible with your project.
D:\Noah\鏂囨。\Coding\2. 寮€婧愮殑椤圭洰\Caelum\Pages\EditorPage.xaml.cs(54,24): warning CS0169: 浠庝笉浣跨敤瀛楁鈥淓ditorPage._scaleUpButton鈥?[D:\Noah\鏂囨。\Coding\2. 寮€婧愮殑椤圭洰\Caelum\Caelum_h0h2w3ku_wpftmp.csproj]
D:\Noah\鏂囨。\Coding\2. 寮€婧愮殑椤圭洰\Caelum\Pages\EditorPage.xaml.cs(55,24): warning CS0169: 浠庝笉浣跨敤瀛楁鈥淓ditorPage._scaleDownButton鈥?[D:\Noah\鏂囨。\Coding\2. 寮€婧愮殑椤圭洰\Caelum\Caelum_h0h2w3ku_wpftmp.csproj]
CSC : warning WFAC010: 浠?D:\Noah\鏂囨。\Coding\2. 寮€婧愮殑椤圭洰\Caelum\app.manifest 涓垹闄ら珮 DPI 璁剧疆锛屽苟閫氳繃 Application.SetHighDpiMode API 鎴栤€淎pplicationHighDpiMode鈥濋」鐩睘鎬ц繘琛岄厤缃?[D:\Noah\鏂囨。\Coding\2. 寮€婧愮殑椤圭洰\Caelum\Caelum_h0h2w3ku_wpftmp.csproj]
D:\Noah\鏂囨。\Coding\2. 寮€婧愮殑椤圭洰\Caelum\Pages\EditorPage.xaml.cs(395,76): error CS0117: 鈥淓ditorPage.ToolType鈥濇湭鍖呭惈鈥淭extHighlight鈥濈殑瀹氫箟 [D:\Noah\鏂囨。\Coding\2. 寮€婧愮殑椤圭洰\Caelum\Caelum_h0h2w3ku_wpftmp.csproj]
D:\Noah\鏂囨。\Coding\2. 寮€婧愮殑椤圭洰\Caelum\Pages\EditorPage.xaml.cs(413,123): error CS0117: 鈥淓ditorPage.ToolType鈥濇湭鍖呭惈鈥淭extHighlight鈥濈殑瀹氫箟 [D:\Noah\鏂囨。\Coding\2. 寮€婧愮殑椤圭洰\Caelum\Caelum_h0h2w3ku_wpftmp.csproj]
D:\Noah\鏂囨。\Coding\2. 寮€婧愮殑椤圭洰\Caelum\Pages\EditorPage.xaml.cs(481,42): error CS0117: 鈥淓ditorPage.ToolType鈥濇湭鍖呭惈鈥淭extHighlight鈥濈殑瀹氫箟 [D:\Noah\鏂囨。\Coding\2. 寮€婧愮殑椤圭洰\Caelum\Caelum_h0h2w3ku_wpftmp.csproj]
D:\Noah\鏂囨。\Coding\2. 寮€婧愮殑椤圭洰\Caelum\Pages\EditorPage.xaml.cs(483,79): error CS0103: 褰撳墠涓婁笅鏂囦腑涓嶅瓨鍦ㄥ悕绉扳€渟tart鈥?[D:\Noah\鏂囨。\Coding\2. 寮€婧愮殑椤圭洰\Caelum\Caelum_h0h2w3ku_wpftmp.csproj]
D:\Noah\鏂囨。\Coding\2. 寮€婧愮殑椤圭洰\Caelum\Pages\EditorPage.xaml.cs(483,86): error CS0103: 褰撳墠涓婁笅鏂囦腑涓嶅瓨鍦ㄥ悕绉扳€渆nd鈥?[D:\Noah\鏂囨。\Coding\2. 寮€婧愮殑椤圭洰\Caelum\Caelum_h0h2w3ku_wpftmp.csproj]
D:\Noah\鏂囨。\Coding\2. 寮€婧愮殑椤圭洰\Caelum\Pages\EditorPage.xaml.cs(2255,107): error CS0117: 鈥淓ditorPage.ToolType鈥濇湭鍖呭惈鈥淭extHighlight鈥濈殑瀹氫箟 [D:\Noah\鏂囨。\Coding\2. 寮€婧愮殑椤圭洰\Caelum\Caelum_h0h2w3ku_wpftmp.csproj]
D:\Noah\鏂囨。\Coding\2. 寮€婧愮殑椤圭洰\Caelum\Pages\EditorPage.xaml(155,94): error CS1061: 鈥淓ditorPage鈥濇湭鍖呭惈鈥淭extHighlightToolButton_Click鈥濈殑瀹氫箟锛屽苟涓旀壘涓嶅埌鍙帴鍙楃涓€涓€淓ditorPage鈥濈被鍨嬪弬鏁扮殑鍙闂墿灞曟柟娉曗€淭extHighlightToolButton_Click鈥?鏄惁缂哄皯 using 鎸囦护鎴栫▼搴忛泦寮曠敤?) [D:\Noah\鏂囨。\Coding\2. 寮€婧愮殑椤圭洰\Caelum\Caelum_h0h2w3ku_wpftmp.csproj]
    6 涓鍛?
    7 涓敊璇?

宸茬敤鏃堕棿 00:00:01.48
