  姝ｅ湪纭畾瑕佽繕鍘熺殑椤圭洰鈥?
  宸茶繕鍘?D:\Noah\鏂囨。\Coding\Windows-Notes\WindowsNotesApp.csproj (鐢ㄦ椂 434 姣)銆?
C:\Users\noahz\.nuget\packages\microsoft.windowsappsdk.winui\1.8.260204000\buildTransitive\Microsoft.UI.Xaml.Markup.Compiler.interop.targets(594,9): error MSB3073: 鍛戒护鈥?C:\Users\noahz\.nuget\packages\microsoft.windowsappsdk.winui\1.8.260204000\buildTransitive\..\tools\net6.0\..\net472\XamlCompiler.exe" "obj\Debug\net8.0-windows10.0.19041.0\win-x64\\input.json" "obj\Debug\net8.0-windows10.0.19041.0\win-x64\\output.json"鈥濆凡閫€鍑猴紝浠ｇ爜涓?1銆?[D:\Noah\鏂囨。\Coding\Windows-Notes\WindowsNotesApp.csproj]

鐢熸垚澶辫触銆?

C:\Users\noahz\.nuget\packages\microsoft.windowsappsdk.winui\1.8.260204000\buildTransitive\Microsoft.UI.Xaml.Markup.Compiler.interop.targets(594,9): error MSB3073: 鍛戒护鈥?C:\Users\noahz\.nuget\packages\microsoft.windowsappsdk.winui\1.8.260204000\buildTransitive\..\tools\net6.0\..\net472\XamlCompiler.exe" "obj\Debug\net8.0-windows10.0.19041.0\win-x64\\input.json" "obj\Debug\net8.0-windows10.0.19041.0\win-x64\\output.json"鈥濆凡閫€鍑猴紝浠ｇ爜涓?1銆?[D:\Noah\鏂囨。\Coding\Windows-Notes\WindowsNotesApp.csproj]
    0 涓鍛?
    1 涓敊璇?

宸茬敤鏃堕棿 00:00:05.80
